
> ai-attendance-backend@1.0.0 dev
> nodemon --watch src --ext ts,json --exec node --loader ts-node/esm/transpile-only src/server.ts

[33m[nodemon] 3.1.14[39m
[33m[nodemon] to restart at any time, enter `rs`[39m
[33m[nodemon] watching path(s): src\**\*[39m
[33m[nodemon] watching extensions: ts,json[39m
[32m[nodemon] starting `node --loader ts-node/esm/transpile-only src/server.ts`[39m
(node:11164) ExperimentalWarning: `--experimental-loader` may be removed in the future; instead use `register()`:
--import 'data:text/javascript,import { register } from "node:module"; import { pathToFileURL } from "node:url"; register("ts-node/esm/transpile-only", pathToFileURL("./"));'
(Use `node --trace-warnings ...` to show where the warning was created)
(node:11164) [DEP0180] DeprecationWarning: fs.Stats constructor is deprecated.
(Use `node --trace-deprecation ...` to show where the warning was created)
MongoDB connected: 127.0.0.1/ai_attendance
Demo accounts ready. Admin: admin@campus.ai, Faculty: faculty@campus.ai, Student: student@campus.ai
API running on http://localhost:5000
[0mGET /api/health [32m200[0m 55.668 ms - 15[0m
[0mGET /api/health [32m200[0m 1.768 ms - 15[0m
[0mGET /api/health [32m200[0m 1.673 ms - 15[0m
[0mGET /api/health [32m200[0m 1.533 ms - 15[0m
[0mGET /api/health [32m200[0m 1.090 ms - 15[0m
[0mGET /api/health [32m200[0m 0.944 ms - 15[0m
[0mGET /api/health [32m200[0m 1.160 ms - 15[0m
[0mGET /api/health [32m200[0m 1.041 ms - 15[0m
[0mGET /api/health [32m200[0m 3.524 ms - 15[0m
[0mGET /api/health [32m200[0m 1.569 ms - 15[0m
[0mGET /api/health [32m200[0m 0.947 ms - 15[0m
[0mGET /api/health [32m200[0m 0.897 ms - 15[0m
[0mGET /api/health [32m200[0m 2.299 ms - 15[0m
[0mGET /api/health [32m200[0m 1.579 ms - 15[0m
[0mGET /api/health [32m200[0m 0.843 ms - 15[0m
[0mGET /api/health [32m200[0m 0.870 ms - 15[0m
[0mGET /api/health [32m200[0m 0.957 ms - 15[0m
[0mGET /api/health [32m200[0m 0.821 ms - 15[0m
[0mGET /api/health [32m200[0m 0.861 ms - 15[0m
[0mGET /api/health [32m200[0m 0.822 ms - 15[0m
[0mGET /api/health [32m200[0m 0.826 ms - 15[0m
[0mGET /api/health [32m200[0m 0.810 ms - 15[0m
[0mGET /api/health [32m200[0m 0.752 ms - 15[0m
[0mGET /api/health [32m200[0m 0.931 ms - 15[0m
[0mGET /api/health [32m200[0m 0.314 ms - 15[0m
[0mGET /api/health [32m200[0m 2.298 ms - 15[0m
[0mGET /api/health [32m200[0m 1.033 ms - 15[0m
[0mGET /api/health [32m200[0m 0.797 ms - 15[0m
[0mGET /api/health [32m200[0m 0.455 ms - 15[0m
[0mGET /api/health [32m200[0m 1.740 ms - 15[0m
[0mPOST /api/auth/login [32m200[0m 843.810 ms - 468[0m
[0mGET /api/analytics [32m200[0m 172.981 ms - 126[0m
[0mGET /api/admin/all-users [32m200[0m 95.726 ms - 3918[0m
[0mGET /api/attendance [32m200[0m 29.351 ms - 573[0m
Welcome email for frontend.check.20260601155817@campus.ai
[0mPOST /api/auth/student/register [32m201[0m 790.016 ms - 416[0m
[0mPOST /api/auth/login [33m403[0m 542.880 ms - 54[0m
Password reset for admin@campus.ai: http://localhost:5173/reset-password/da7bda9ae862b585c80c9768e3a5987def9cff314d6dde63791e2b88295d391e
[0mPOST /api/auth/forgot-password [32m200[0m 31.539 ms - 62[0m
[0mGET /api/health [32m200[0m 0.444 ms - 15[0m
Error: CORS blocked origin: http://localhost:5174
    at origin (file:///D:/Ai%20attendance%20system/backend/src/app.ts:28:25)
    at D:\Ai attendance system\backend\node_modules\cors\lib\index.js:219:13
    at optionsCallback (D:\Ai attendance system\backend\node_modules\cors\lib\index.js:199:9)
    at corsMiddleware (D:\Ai attendance system\backend\node_modules\cors\lib\index.js:204:7)
    at Layer.handle [as handle_request] (D:\Ai attendance system\backend\node_modules\express\lib\router\layer.js:95:5)
    at trim_prefix (D:\Ai attendance system\backend\node_modules\express\lib\router\index.js:328:13)
    at D:\Ai attendance system\backend\node_modules\express\lib\router\index.js:286:9
    at router.process_params (D:\Ai attendance system\backend\node_modules\express\lib\router\index.js:346:12)
    at next (D:\Ai attendance system\backend\node_modules\express\lib\router\index.js:280:10)
    at internalNext (file:///D:/Ai%20attendance%20system/backend/node_modules/helmet/index.mjs:533:6)
    at xXssProtectionMiddleware (file:///D:/Ai%20attendance%20system/backend/node_modules/helmet/index.mjs:311:3)
    at internalNext (file:///D:/Ai%20attendance%20system/backend/node_modules/helmet/index.mjs:531:6)
    at xPoweredByMiddleware (file:///D:/Ai%20attendance%20system/backend/node_modules/helmet/index.mjs:304:3)
    at internalNext (file:///D:/Ai%20attendance%20system/backend/node_modules/helmet/index.mjs:531:6)
    at xPermittedCrossDomainPoliciesMiddleware (file:///D:/Ai%20attendance%20system/backend/node_modules/helmet/index.mjs:297:3)
    at internalNext (file:///D:/Ai%20attendance%20system/backend/node_modules/helmet/index.mjs:531:6)
Error: CORS blocked origin: http://localhost:5174
    at origin (file:///D:/Ai%20attendance%20system/backend/src/app.ts:28:25)
    at D:\Ai attendance system\backend\node_modules\cors\lib\index.js:219:13
    at optionsCallback (D:\Ai attendance system\backend\node_modules\cors\lib\index.js:199:9)
    at corsMiddleware (D:\Ai attendance system\backend\node_modules\cors\lib\index.js:204:7)
    at Layer.handle [as handle_request] (D:\Ai attendance system\backend\node_modules\express\lib\router\layer.js:95:5)
    at trim_prefix (D:\Ai attendance system\backend\node_modules\express\lib\router\index.js:328:13)
    at D:\Ai attendance system\backend\node_modules\express\lib\router\index.js:286:9
    at router.process_params (D:\Ai attendance system\backend\node_modules\express\lib\router\index.js:346:12)
    at next (D:\Ai attendance system\backend\node_modules\express\lib\router\index.js:280:10)
    at internalNext (file:///D:/Ai%20attendance%20system/backend/node_modules/helmet/index.mjs:533:6)
    at xXssProtectionMiddleware (file:///D:/Ai%20attendance%20system/backend/node_modules/helmet/index.mjs:311:3)
    at internalNext (file:///D:/Ai%20attendance%20system/backend/node_modules/helmet/index.mjs:531:6)
    at xPoweredByMiddleware (file:///D:/Ai%20attendance%20system/backend/node_modules/helmet/index.mjs:304:3)
    at internalNext (file:///D:/Ai%20attendance%20system/backend/node_modules/helmet/index.mjs:531:6)
    at xPermittedCrossDomainPoliciesMiddleware (file:///D:/Ai%20attendance%20system/backend/node_modules/helmet/index.mjs:297:3)
    at internalNext (file:///D:/Ai%20attendance%20system/backend/node_modules/helmet/index.mjs:531:6)
[31m[nodemon] app crashed - waiting for file changes before starting...[39m
[32m[nodemon] restarting due to changes...[39m
[32m[nodemon] starting `node --loader ts-node/esm/transpile-only src/server.ts`[39m
(node:12896) ExperimentalWarning: `--experimental-loader` may be removed in the future; instead use `register()`:
--import 'data:text/javascript,import { register } from "node:module"; import { pathToFileURL } from "node:url"; register("ts-node/esm/transpile-only", pathToFileURL("./"));'
(Use `node --trace-warnings ...` to show where the warning was created)
(node:12896) [DEP0180] DeprecationWarning: fs.Stats constructor is deprecated.
(Use `node --trace-deprecation ...` to show where the warning was created)
MongoDB connected: 127.0.0.1/ai_attendance
Demo accounts ready. Admin: admin@campus.ai, Faculty: faculty@campus.ai, Student: student@campus.ai
Uncaught exception: Error: listen EADDRINUSE: address already in use :::5000
    at Server.setupListenHandle [as _listen2] (node:net:1940:16)
    at listenInCluster (node:net:1997:12)
    at Server.listen (node:net:2102:7)
    at app.listen (D:\Ai attendance system\backend\node_modules\express\lib\application.js:635:24)
    at file:///D:/Ai%20attendance%20system/backend/src/server.ts:29:18
    at process.processTicksAndRejections (node:internal/process/task_queues:103:5) {
  code: 'EADDRINUSE',
  errno: -4091,
  syscall: 'listen',
  address: '::',
  port: 5000
}
[31m[nodemon] app crashed - waiting for file changes before starting...[39m
[32m[nodemon] restarting due to changes...[39m
[32m[nodemon] starting `node --loader ts-node/esm/transpile-only src/server.ts`[39m
[32m[nodemon] restarting due to changes...[39m
[32m[nodemon] restarting due to changes...[39m
[32m[nodemon] restarting due to changes...[39m
[32m[nodemon] starting `node --loader ts-node/esm/transpile-only src/server.ts`[39m
(node:14236) ExperimentalWarning: `--experimental-loader` may be removed in the future; instead use `register()`:
--import 'data:text/javascript,import { register } from "node:module"; import { pathToFileURL } from "node:url"; register("ts-node/esm/transpile-only", pathToFileURL("./"));'
(Use `node --trace-warnings ...` to show where the warning was created)
(node:14236) [DEP0180] DeprecationWarning: fs.Stats constructor is deprecated.
(Use `node --trace-deprecation ...` to show where the warning was created)
MongoDB connected: 127.0.0.1/ai_attendance
Demo accounts ready. Admin: admin@campus.ai, Faculty: faculty@campus.ai, Student: student@campus.ai
Uncaught exception: Error: listen EADDRINUSE: address already in use :::5000
    at Server.setupListenHandle [as _listen2] (node:net:1940:16)
    at listenInCluster (node:net:1997:12)
    at Server.listen (node:net:2102:7)
    at app.listen (D:\Ai attendance system\backend\node_modules\express\lib\application.js:635:24)
    at file:///D:/Ai%20attendance%20system/backend/src/server.ts:29:18
    at process.processTicksAndRejections (node:internal/process/task_queues:103:5) {
  code: 'EADDRINUSE',
  errno: -4091,
  syscall: 'listen',
  address: '::',
  port: 5000
}
[31m[nodemon] app crashed - waiting for file changes before starting...[39m
[32m[nodemon] restarting due to changes...[39m
[32m[nodemon] starting `node --loader ts-node/esm/transpile-only src/server.ts`[39m
[32m[nodemon] restarting due to changes...[39m
[32m[nodemon] starting `node --loader ts-node/esm/transpile-only src/server.ts`[39m
(node:11132) ExperimentalWarning: `--experimental-loader` may be removed in the future; instead use `register()`:
--import 'data:text/javascript,import { register } from "node:module"; import { pathToFileURL } from "node:url"; register("ts-node/esm/transpile-only", pathToFileURL("./"));'
(Use `node --trace-warnings ...` to show where the warning was created)
(node:11132) [DEP0180] DeprecationWarning: fs.Stats constructor is deprecated.
(Use `node --trace-deprecation ...` to show where the warning was created)
MongoDB connected: 127.0.0.1/ai_attendance
Demo accounts ready. Admin: admin@campus.ai, Faculty: faculty@campus.ai, Student: student@campus.ai
Uncaught exception: Error: listen EADDRINUSE: address already in use :::5000
    at Server.setupListenHandle [as _listen2] (node:net:1940:16)
    at listenInCluster (node:net:1997:12)
    at Server.listen (node:net:2102:7)
    at app.listen (D:\Ai attendance system\backend\node_modules\express\lib\application.js:635:24)
    at file:///D:/Ai%20attendance%20system/backend/src/server.ts:29:18
    at process.processTicksAndRejections (node:internal/process/task_queues:103:5) {
  code: 'EADDRINUSE',
  errno: -4091,
  syscall: 'listen',
  address: '::',
  port: 5000
}
[31m[nodemon] app crashed - waiting for file changes before starting...[39m
[32m[nodemon] restarting due to changes...[39m
[32m[nodemon] starting `node --loader ts-node/esm/transpile-only src/server.ts`[39m
[32m[nodemon] restarting due to changes...[39m
[32m[nodemon] starting `node --loader ts-node/esm/transpile-only src/server.ts`[39m
(node:10844) ExperimentalWarning: `--experimental-loader` may be removed in the future; instead use `register()`:
--import 'data:text/javascript,import { register } from "node:module"; import { pathToFileURL } from "node:url"; register("ts-node/esm/transpile-only", pathToFileURL("./"));'
(Use `node --trace-warnings ...` to show where the warning was created)
[32m[nodemon] restarting due to changes...[39m
[32m[nodemon] restarting due to changes...[39m
[32m[nodemon] starting `node --loader ts-node/esm/transpile-only src/server.ts`[39m
(node:17840) ExperimentalWarning: `--experimental-loader` may be removed in the future; instead use `register()`:
--import 'data:text/javascript,import { register } from "node:module"; import { pathToFileURL } from "node:url"; register("ts-node/esm/transpile-only", pathToFileURL("./"));'
(Use `node --trace-warnings ...` to show where the warning was created)
(node:17840) [DEP0180] DeprecationWarning: fs.Stats constructor is deprecated.
(Use `node --trace-deprecation ...` to show where the warning was created)
MongoDB connected: 127.0.0.1/ai_attendance
Demo accounts ready. Admin: admin@campus.ai, Faculty: faculty@campus.ai, Student: student@campus.ai
Uncaught exception: Error: listen EADDRINUSE: address already in use :::5000
    at Server.setupListenHandle [as _listen2] (node:net:1940:16)
    at listenInCluster (node:net:1997:12)
    at Server.listen (node:net:2102:7)
    at app.listen (D:\Ai attendance system\backend\node_modules\express\lib\application.js:635:24)
    at file:///D:/Ai%20attendance%20system/backend/src/server.ts:29:18
    at process.processTicksAndRejections (node:internal/process/task_queues:103:5) {
  code: 'EADDRINUSE',
  errno: -4091,
  syscall: 'listen',
  address: '::',
  port: 5000
}
[31m[nodemon] app crashed - waiting for file changes before starting...[39m
[32m[nodemon] restarting due to changes...[39m
[32m[nodemon] starting `node --loader ts-node/esm/transpile-only src/server.ts`[39m
[32m[nodemon] restarting due to changes...[39m
[32m[nodemon] starting `node --loader ts-node/esm/transpile-only src/server.ts`[39m
(node:16872) ExperimentalWarning: `--experimental-loader` may be removed in the future; instead use `register()`:
--import 'data:text/javascript,import { register } from "node:module"; import { pathToFileURL } from "node:url"; register("ts-node/esm/transpile-only", pathToFileURL("./"));'
(Use `node --trace-warnings ...` to show where the warning was created)
(node:16872) [DEP0180] DeprecationWarning: fs.Stats constructor is deprecated.
(Use `node --trace-deprecation ...` to show where the warning was created)
MongoDB connected: 127.0.0.1/ai_attendance
Demo accounts ready. Admin: admin@campus.ai, Faculty: faculty@campus.ai, Student: student@campus.ai
Uncaught exception: Error: listen EADDRINUSE: address already in use :::5000
    at Server.setupListenHandle [as _listen2] (node:net:1940:16)
    at listenInCluster (node:net:1997:12)
    at Server.listen (node:net:2102:7)
    at app.listen (D:\Ai attendance system\backend\node_modules\express\lib\application.js:635:24)
    at file:///D:/Ai%20attendance%20system/backend/src/server.ts:29:18
    at process.processTicksAndRejections (node:internal/process/task_queues:103:5) {
  code: 'EADDRINUSE',
  errno: -4091,
  syscall: 'listen',
  address: '::',
  port: 5000
}
[31m[nodemon] app crashed - waiting for file changes before starting...[39m
[32m[nodemon] restarting due to changes...[39m
[32m[nodemon] starting `node --loader ts-node/esm/transpile-only src/server.ts`[39m
[32m[nodemon] restarting due to changes...[39m
[32m[nodemon] starting `node --loader ts-node/esm/transpile-only src/server.ts`[39m
(node:15536) ExperimentalWarning: `--experimental-loader` may be removed in the future; instead use `register()`:
--import 'data:text/javascript,import { register } from "node:module"; import { pathToFileURL } from "node:url"; register("ts-node/esm/transpile-only", pathToFileURL("./"));'
(Use `node --trace-warnings ...` to show where the warning was created)
(node:15536) [DEP0180] DeprecationWarning: fs.Stats constructor is deprecated.
(Use `node --trace-deprecation ...` to show where the warning was created)
MongoDB connected: 127.0.0.1/ai_attendance
Demo accounts ready. Admin: admin@campus.ai, Faculty: faculty@campus.ai, Student: student@campus.ai
Uncaught exception: Error: listen EADDRINUSE: address already in use :::5000
    at Server.setupListenHandle [as _listen2] (node:net:1940:16)
    at listenInCluster (node:net:1997:12)
    at Server.listen (node:net:2102:7)
    at app.listen (D:\Ai attendance system\backend\node_modules\express\lib\application.js:635:24)
    at file:///D:/Ai%20attendance%20system/backend/src/server.ts:29:18
    at process.processTicksAndRejections (node:internal/process/task_queues:103:5) {
  code: 'EADDRINUSE',
  errno: -4091,
  syscall: 'listen',
  address: '::',
  port: 5000
}
[31m[nodemon] app crashed - waiting for file changes before starting...[39m
[32m[nodemon] restarting due to changes...[39m
[32m[nodemon] starting `node --loader ts-node/esm/transpile-only src/server.ts`[39m
(node:13004) ExperimentalWarning: `--experimental-loader` may be removed in the future; instead use `register()`:
--import 'data:text/javascript,import { register } from "node:module"; import { pathToFileURL } from "node:url"; register("ts-node/esm/transpile-only", pathToFileURL("./"));'
(Use `node --trace-warnings ...` to show where the warning was created)
[32m[nodemon] restarting due to changes...[39m
[32m[nodemon] restarting due to changes...[39m
[32m[nodemon] starting `node --loader ts-node/esm/transpile-only src/server.ts`[39m
(node:12160) ExperimentalWarning: `--experimental-loader` may be removed in the future; instead use `register()`:
--import 'data:text/javascript,import { register } from "node:module"; import { pathToFileURL } from "node:url"; register("ts-node/esm/transpile-only", pathToFileURL("./"));'
(Use `node --trace-warnings ...` to show where the warning was created)
[32m[nodemon] restarting due to changes...[39m
[32m[nodemon] restarting due to changes...[39m
[32m[nodemon] starting `node --loader ts-node/esm/transpile-only src/server.ts`[39m
(node:20036) ExperimentalWarning: `--experimental-loader` may be removed in the future; instead use `register()`:
--import 'data:text/javascript,import { register } from "node:module"; import { pathToFileURL } from "node:url"; register("ts-node/esm/transpile-only", pathToFileURL("./"));'
(Use `node --trace-warnings ...` to show where the warning was created)
(node:20036) [DEP0180] DeprecationWarning: fs.Stats constructor is deprecated.
(Use `node --trace-deprecation ...` to show where the warning was created)
MongoDB connected: 127.0.0.1/ai_attendance
Demo accounts ready. Admin: admin@campus.ai, Faculty: faculty@campus.ai, Student: student@campus.ai
Uncaught exception: Error: listen EADDRINUSE: address already in use :::5000
    at Server.setupListenHandle [as _listen2] (node:net:1940:16)
    at listenInCluster (node:net:1997:12)
    at Server.listen (node:net:2102:7)
    at app.listen (D:\Ai attendance system\backend\node_modules\express\lib\application.js:635:24)
    at file:///D:/Ai%20attendance%20system/backend/src/server.ts:29:18
    at process.processTicksAndRejections (node:internal/process/task_queues:103:5) {
  code: 'EADDRINUSE',
  errno: -4091,
  syscall: 'listen',
  address: '::',
  port: 5000
}
[31m[nodemon] app crashed - waiting for file changes before starting...[39m
[32m[nodemon] restarting due to changes...[39m
[32m[nodemon] starting `node --loader ts-node/esm/transpile-only src/server.ts`[39m
[32m[nodemon] restarting due to changes...[39m
[32m[nodemon] starting `node --loader ts-node/esm/transpile-only src/server.ts`[39m
(node:14800) ExperimentalWarning: `--experimental-loader` may be removed in the future; instead use `register()`:
--import 'data:text/javascript,import { register } from "node:module"; import { pathToFileURL } from "node:url"; register("ts-node/esm/transpile-only", pathToFileURL("./"));'
(Use `node --trace-warnings ...` to show where the warning was created)
(node:14800) [DEP0180] DeprecationWarning: fs.Stats constructor is deprecated.
(Use `node --trace-deprecation ...` to show where the warning was created)
MongoDB connected: 127.0.0.1/ai_attendance
Demo accounts ready. Admin: admin@campus.ai, Faculty: faculty@campus.ai, Student: student@campus.ai
Uncaught exception: Error: listen EADDRINUSE: address already in use :::5000
    at Server.setupListenHandle [as _listen2] (node:net:1940:16)
    at listenInCluster (node:net:1997:12)
    at Server.listen (node:net:2102:7)
    at app.listen (D:\Ai attendance system\backend\node_modules\express\lib\application.js:635:24)
    at file:///D:/Ai%20attendance%20system/backend/src/server.ts:29:18
    at process.processTicksAndRejections (node:internal/process/task_queues:103:5) {
  code: 'EADDRINUSE',
  errno: -4091,
  syscall: 'listen',
  address: '::',
  port: 5000
}
[31m[nodemon] app crashed - waiting for file changes before starting...[39m
[32m[nodemon] restarting due to changes...[39m
[32m[nodemon] starting `node --loader ts-node/esm/transpile-only src/server.ts`[39m
[32m[nodemon] restarting due to changes...[39m
[32m[nodemon] starting `node --loader ts-node/esm/transpile-only src/server.ts`[39m
(node:16168) ExperimentalWarning: `--experimental-loader` may be removed in the future; instead use `register()`:
--import 'data:text/javascript,import { register } from "node:module"; import { pathToFileURL } from "node:url"; register("ts-node/esm/transpile-only", pathToFileURL("./"));'
(Use `node --trace-warnings ...` to show where the warning was created)
[32m[nodemon] restarting due to changes...[39m
[32m[nodemon] restarting due to changes...[39m
[32m[nodemon] starting `node --loader ts-node/esm/transpile-only src/server.ts`[39m
(node:18692) ExperimentalWarning: `--experimental-loader` may be removed in the future; instead use `register()`:
--import 'data:text/javascript,import { register } from "node:module"; import { pathToFileURL } from "node:url"; register("ts-node/esm/transpile-only", pathToFileURL("./"));'
(Use `node --trace-warnings ...` to show where the warning was created)
(node:18692) [DEP0180] DeprecationWarning: fs.Stats constructor is deprecated.
(Use `node --trace-deprecation ...` to show where the warning was created)
MongoDB connected: 127.0.0.1/ai_attendance
Demo accounts ready. Admin: admin@campus.ai, Faculty: faculty@campus.ai, Student: student@campus.ai
Uncaught exception: Error: listen EADDRINUSE: address already in use :::5000
    at Server.setupListenHandle [as _listen2] (node:net:1940:16)
    at listenInCluster (node:net:1997:12)
    at Server.listen (node:net:2102:7)
    at app.listen (D:\Ai attendance system\backend\node_modules\express\lib\application.js:635:24)
    at file:///D:/Ai%20attendance%20system/backend/src/server.ts:29:18
    at process.processTicksAndRejections (node:internal/process/task_queues:103:5) {
  code: 'EADDRINUSE',
  errno: -4091,
  syscall: 'listen',
  address: '::',
  port: 5000
}
[31m[nodemon] app crashed - waiting for file changes before starting...[39m
