
> ai-attendance-backend@1.0.0 dev
> nodemon --watch src --ext ts,json --exec node --loader ts-node/esm/transpile-only src/server.ts

[33m[nodemon] 3.1.14[39m
[33m[nodemon] to restart at any time, enter `rs`[39m
[33m[nodemon] watching path(s): src\**\*[39m
[33m[nodemon] watching extensions: ts,json[39m
[32m[nodemon] starting `node --loader ts-node/esm/transpile-only src/server.ts`[39m
(node:14280) ExperimentalWarning: `--experimental-loader` may be removed in the future; instead use `register()`:
--import 'data:text/javascript,import { register } from "node:module"; import { pathToFileURL } from "node:url"; register("ts-node/esm/transpile-only", pathToFileURL("./"));'
(Use `node --trace-warnings ...` to show where the warning was created)
(node:14280) [DEP0180] DeprecationWarning: fs.Stats constructor is deprecated.
(Use `node --trace-deprecation ...` to show where the warning was created)
MongoDB connected: 127.0.0.1/ai_attendance
Demo accounts ready. Admin: admin@campus.ai, Faculty: faculty@campus.ai, Student: student@campus.ai
API running on http://localhost:5000
[0mGET /api/health [32m200[0m 16.514 ms - 15[0m
[0mGET /api/health [32m200[0m 1157.122 ms - 15[0m
[0mGET /api/health [36m304[0m 169.608 ms - -[0m
[0mGET /api/health [32m200[0m 0.682 ms - 15[0m
[0mPOST /api/auth/login [32m200[0m 4513.937 ms - 520[0m
[0mGET /api/health [32m200[0m 102.070 ms - 15[0m
[0mGET /api/health [36m304[0m 1.598 ms - -[0m
[0mGET /api/health [36m304[0m 1.850 ms - -[0m
[0mGET /api/health [36m304[0m 17.244 ms - -[0m
[0mPOST /api/auth/login [32m200[0m 1125.917 ms - 520[0m
[0mGET /api/auth/me [32m200[0m 628.746 ms - 375[0m
[0mGET /api/attendance [32m200[0m 774.350 ms - 573[0m
[0mGET /api/attendance [36m304[0m 109.775 ms - -[0m
[0mGET /api/attendance/summary/me [36m304[0m 794.212 ms - -[0m
[0mGET /api/attendance/summary/me [36m304[0m 26.441 ms - -[0m
[0mGET /api/face/enrollment [32m200[0m 55.923 ms - 28[0m
[0mGET /api/face/enrollment [36m304[0m 7.907 ms - -[0m
[0mGET /api/subjects [32m200[0m 107.125 ms - 2130[0m
[0mGET /api/attendance [36m304[0m 348.115 ms - -[0m
[0mGET /api/classes [32m200[0m 464.801 ms - 7370[0m
[0mGET /api/subjects [36m304[0m 216.518 ms - -[0m
[0mGET /api/attendance [36m304[0m 192.887 ms - -[0m
[0mGET /api/classes [36m304[0m 296.879 ms - -[0m
[0mGET /api/face/enrollment [36m304[0m 15.615 ms - -[0m
[0mGET /api/face/enrollment [36m304[0m 9.646 ms - -[0m
[0mGET /api/subjects [36m304[0m 28.321 ms - -[0m
[0mGET /api/attendance [36m304[0m 116.855 ms - -[0m
[0mGET /api/classes [36m304[0m 177.713 ms - -[0m
[0mGET /api/subjects [36m304[0m 516.548 ms - -[0m
[0mGET /api/attendance [36m304[0m 870.231 ms - -[0m
[0mGET /api/classes [36m304[0m 664.818 ms - -[0m
[0mGET /api/face/enrollment [36m304[0m 15.407 ms - -[0m
[0mGET /api/face/enrollment [36m304[0m 5.954 ms - -[0m
[0mGET /api/subjects [36m304[0m 63.031 ms - -[0m
[0mGET /api/classes [36m304[0m 198.920 ms - -[0m
[0mGET /api/attendance [36m304[0m 272.693 ms - -[0m
[0mGET /api/subjects [36m304[0m 314.923 ms - -[0m
[0mGET /api/classes [36m304[0m 507.656 ms - -[0m
[0mGET /api/attendance [36m304[0m 494.914 ms - -[0m
[32m[nodemon] restarting due to changes...[39m
[32m[nodemon] restarting due to changes...[39m
[32m[nodemon] restarting due to changes...[39m
[32m[nodemon] restarting due to changes...[39m
[32m[nodemon] starting `node --loader ts-node/esm/transpile-only src/server.ts`[39m
(node:5060) ExperimentalWarning: `--experimental-loader` may be removed in the future; instead use `register()`:
--import 'data:text/javascript,import { register } from "node:module"; import { pathToFileURL } from "node:url"; register("ts-node/esm/transpile-only", pathToFileURL("./"));'
(Use `node --trace-warnings ...` to show where the warning was created)
(node:5060) [DEP0180] DeprecationWarning: fs.Stats constructor is deprecated.
(Use `node --trace-deprecation ...` to show where the warning was created)
MongoDB connected: 127.0.0.1/ai_attendance
Demo accounts ready. Admin: admin@campus.ai, Faculty: faculty@campus.ai, Student: student@campus.ai
Uncaught exception: Error: listen EADDRINUSE: address already in use :::5000
    at Server.setupListenHandle [as _listen2] (node:net:1940:16)
    at listenInCluster (node:net:1997:12)
    at Server.listen (node:net:2102:7)
    at app.listen (D:\Ai attendance system\backend\node_modules\express\lib\application.js:635:24)
    at file:///D:/Ai%20attendance%20system/backend/src/server.ts:29:18
    at process.processTicksAndRejections (node:internal/process/task_queues:103:5) {
  code: 'EADDRINUSE',
  errno: -4091,
  syscall: 'listen',
  address: '::',
  port: 5000
}
[31m[nodemon] app crashed - waiting for file changes before starting...[39m
[32m[nodemon] restarting due to changes...[39m
[32m[nodemon] starting `node --loader ts-node/esm/transpile-only src/server.ts`[39m
[32m[nodemon] restarting due to changes...[39m
[32m[nodemon] starting `node --loader ts-node/esm/transpile-only src/server.ts`[39m
(node:1944) ExperimentalWarning: `--experimental-loader` may be removed in the future; instead use `register()`:
--import 'data:text/javascript,import { register } from "node:module"; import { pathToFileURL } from "node:url"; register("ts-node/esm/transpile-only", pathToFileURL("./"));'
(Use `node --trace-warnings ...` to show where the warning was created)
(node:1944) [DEP0180] DeprecationWarning: fs.Stats constructor is deprecated.
(Use `node --trace-deprecation ...` to show where the warning was created)
MongoDB connected: 127.0.0.1/ai_attendance
Demo accounts ready. Admin: admin@campus.ai, Faculty: faculty@campus.ai, Student: student@campus.ai
Uncaught exception: Error: listen EADDRINUSE: address already in use :::5000
    at Server.setupListenHandle [as _listen2] (node:net:1940:16)
    at listenInCluster (node:net:1997:12)
    at Server.listen (node:net:2102:7)
    at app.listen (D:\Ai attendance system\backend\node_modules\express\lib\application.js:635:24)
    at file:///D:/Ai%20attendance%20system/backend/src/server.ts:29:18
    at process.processTicksAndRejections (node:internal/process/task_queues:103:5) {
  code: 'EADDRINUSE',
  errno: -4091,
  syscall: 'listen',
  address: '::',
  port: 5000
}
[31m[nodemon] app crashed - waiting for file changes before starting...[39m
[32m[nodemon] restarting due to changes...[39m
[32m[nodemon] starting `node --loader ts-node/esm/transpile-only src/server.ts`[39m
[32m[nodemon] restarting due to changes...[39m
[32m[nodemon] starting `node --loader ts-node/esm/transpile-only src/server.ts`[39m
(node:19232) ExperimentalWarning: `--experimental-loader` may be removed in the future; instead use `register()`:
--import 'data:text/javascript,import { register } from "node:module"; import { pathToFileURL } from "node:url"; register("ts-node/esm/transpile-only", pathToFileURL("./"));'
(Use `node --trace-warnings ...` to show where the warning was created)
[32m[nodemon] restarting due to changes...[39m
[32m[nodemon] restarting due to changes...[39m
[32m[nodemon] starting `node --loader ts-node/esm/transpile-only src/server.ts`[39m
(node:19236) ExperimentalWarning: `--experimental-loader` may be removed in the future; instead use `register()`:
--import 'data:text/javascript,import { register } from "node:module"; import { pathToFileURL } from "node:url"; register("ts-node/esm/transpile-only", pathToFileURL("./"));'
(Use `node --trace-warnings ...` to show where the warning was created)
(node:19236) [DEP0180] DeprecationWarning: fs.Stats constructor is deprecated.
(Use `node --trace-deprecation ...` to show where the warning was created)
MongoDB connected: 127.0.0.1/ai_attendance
Demo accounts ready. Admin: admin@campus.ai, Faculty: faculty@campus.ai, Student: student@campus.ai
API running on http://localhost:5000
[32m[nodemon] restarting due to changes...[39m
[32m[nodemon] restarting due to changes...[39m
[32m[nodemon] starting `node --loader ts-node/esm/transpile-only src/server.ts`[39m
(node:18504) ExperimentalWarning: `--experimental-loader` may be removed in the future; instead use `register()`:
--import 'data:text/javascript,import { register } from "node:module"; import { pathToFileURL } from "node:url"; register("ts-node/esm/transpile-only", pathToFileURL("./"));'
(Use `node --trace-warnings ...` to show where the warning was created)
(node:18504) [DEP0180] DeprecationWarning: fs.Stats constructor is deprecated.
(Use `node --trace-deprecation ...` to show where the warning was created)
MongoDB connected: 127.0.0.1/ai_attendance
Demo accounts ready. Admin: admin@campus.ai, Faculty: faculty@campus.ai, Student: student@campus.ai
Uncaught exception: Error: listen EADDRINUSE: address already in use :::5000
    at Server.setupListenHandle [as _listen2] (node:net:1940:16)
    at listenInCluster (node:net:1997:12)
    at Server.listen (node:net:2102:7)
    at app.listen (D:\Ai attendance system\backend\node_modules\express\lib\application.js:635:24)
    at file:///D:/Ai%20attendance%20system/backend/src/server.ts:29:18
    at process.processTicksAndRejections (node:internal/process/task_queues:103:5) {
  code: 'EADDRINUSE',
  errno: -4091,
  syscall: 'listen',
  address: '::',
  port: 5000
}
[31m[nodemon] app crashed - waiting for file changes before starting...[39m
[32m[nodemon] restarting due to changes...[39m
[32m[nodemon] starting `node --loader ts-node/esm/transpile-only src/server.ts`[39m
[32m[nodemon] restarting due to changes...[39m
[32m[nodemon] starting `node --loader ts-node/esm/transpile-only src/server.ts`[39m
(node:15388) ExperimentalWarning: `--experimental-loader` may be removed in the future; instead use `register()`:
--import 'data:text/javascript,import { register } from "node:module"; import { pathToFileURL } from "node:url"; register("ts-node/esm/transpile-only", pathToFileURL("./"));'
(Use `node --trace-warnings ...` to show where the warning was created)
(node:15388) [DEP0180] DeprecationWarning: fs.Stats constructor is deprecated.
(Use `node --trace-deprecation ...` to show where the warning was created)
MongoDB connected: 127.0.0.1/ai_attendance
Demo accounts ready. Admin: admin@campus.ai, Faculty: faculty@campus.ai, Student: student@campus.ai
Uncaught exception: Error: listen EADDRINUSE: address already in use :::5000
    at Server.setupListenHandle [as _listen2] (node:net:1940:16)
    at listenInCluster (node:net:1997:12)
    at Server.listen (node:net:2102:7)
    at app.listen (D:\Ai attendance system\backend\node_modules\express\lib\application.js:635:24)
    at file:///D:/Ai%20attendance%20system/backend/src/server.ts:29:18
    at process.processTicksAndRejections (node:internal/process/task_queues:103:5) {
  code: 'EADDRINUSE',
  errno: -4091,
  syscall: 'listen',
  address: '::',
  port: 5000
}
[31m[nodemon] app crashed - waiting for file changes before starting...[39m
[32m[nodemon] restarting due to changes...[39m
[32m[nodemon] starting `node --loader ts-node/esm/transpile-only src/server.ts`[39m
(node:12968) ExperimentalWarning: `--experimental-loader` may be removed in the future; instead use `register()`:
--import 'data:text/javascript,import { register } from "node:module"; import { pathToFileURL } from "node:url"; register("ts-node/esm/transpile-only", pathToFileURL("./"));'
(Use `node --trace-warnings ...` to show where the warning was created)
[32m[nodemon] restarting due to changes...[39m
[32m[nodemon] restarting due to changes...[39m
[32m[nodemon] starting `node --loader ts-node/esm/transpile-only src/server.ts`[39m
(node:3848) ExperimentalWarning: `--experimental-loader` may be removed in the future; instead use `register()`:
--import 'data:text/javascript,import { register } from "node:module"; import { pathToFileURL } from "node:url"; register("ts-node/esm/transpile-only", pathToFileURL("./"));'
(Use `node --trace-warnings ...` to show where the warning was created)
[32m[nodemon] restarting due to changes...[39m
[32m[nodemon] restarting due to changes...[39m
[32m[nodemon] starting `node --loader ts-node/esm/transpile-only src/server.ts`[39m
(node:18504) ExperimentalWarning: `--experimental-loader` may be removed in the future; instead use `register()`:
--import 'data:text/javascript,import { register } from "node:module"; import { pathToFileURL } from "node:url"; register("ts-node/esm/transpile-only", pathToFileURL("./"));'
(Use `node --trace-warnings ...` to show where the warning was created)
(node:18504) [DEP0180] DeprecationWarning: fs.Stats constructor is deprecated.
(Use `node --trace-deprecation ...` to show where the warning was created)
MongoDB connected: 127.0.0.1/ai_attendance
Demo accounts ready. Admin: admin@campus.ai, Faculty: faculty@campus.ai, Student: student@campus.ai
Uncaught exception: Error: listen EADDRINUSE: address already in use :::5000
    at Server.setupListenHandle [as _listen2] (node:net:1940:16)
    at listenInCluster (node:net:1997:12)
    at Server.listen (node:net:2102:7)
    at app.listen (D:\Ai attendance system\backend\node_modules\express\lib\application.js:635:24)
    at file:///D:/Ai%20attendance%20system/backend/src/server.ts:29:18
    at process.processTicksAndRejections (node:internal/process/task_queues:103:5) {
  code: 'EADDRINUSE',
  errno: -4091,
  syscall: 'listen',
  address: '::',
  port: 5000
}
[31m[nodemon] app crashed - waiting for file changes before starting...[39m
[32m[nodemon] restarting due to changes...[39m
[32m[nodemon] starting `node --loader ts-node/esm/transpile-only src/server.ts`[39m
[32m[nodemon] restarting due to changes...[39m
[32m[nodemon] starting `node --loader ts-node/esm/transpile-only src/server.ts`[39m
(node:13124) ExperimentalWarning: `--experimental-loader` may be removed in the future; instead use `register()`:
--import 'data:text/javascript,import { register } from "node:module"; import { pathToFileURL } from "node:url"; register("ts-node/esm/transpile-only", pathToFileURL("./"));'
(Use `node --trace-warnings ...` to show where the warning was created)
(node:13124) [DEP0180] DeprecationWarning: fs.Stats constructor is deprecated.
(Use `node --trace-deprecation ...` to show where the warning was created)
MongoDB connected: 127.0.0.1/ai_attendance
Demo accounts ready. Admin: admin@campus.ai, Faculty: faculty@campus.ai, Student: student@campus.ai
Uncaught exception: Error: listen EADDRINUSE: address already in use :::5000
    at Server.setupListenHandle [as _listen2] (node:net:1940:16)
    at listenInCluster (node:net:1997:12)
    at Server.listen (node:net:2102:7)
    at app.listen (D:\Ai attendance system\backend\node_modules\express\lib\application.js:635:24)
    at file:///D:/Ai%20attendance%20system/backend/src/server.ts:29:18
    at process.processTicksAndRejections (node:internal/process/task_queues:103:5) {
  code: 'EADDRINUSE',
  errno: -4091,
  syscall: 'listen',
  address: '::',
  port: 5000
}
[31m[nodemon] app crashed - waiting for file changes before starting...[39m
[32m[nodemon] restarting due to changes...[39m
[32m[nodemon] starting `node --loader ts-node/esm/transpile-only src/server.ts`[39m
[32m[nodemon] restarting due to changes...[39m
[32m[nodemon] starting `node --loader ts-node/esm/transpile-only src/server.ts`[39m
(node:3556) ExperimentalWarning: `--experimental-loader` may be removed in the future; instead use `register()`:
--import 'data:text/javascript,import { register } from "node:module"; import { pathToFileURL } from "node:url"; register("ts-node/esm/transpile-only", pathToFileURL("./"));'
(Use `node --trace-warnings ...` to show where the warning was created)
[32m[nodemon] restarting due to changes...[39m
[32m[nodemon] restarting due to changes...[39m
[32m[nodemon] restarting due to changes...[39m
[32m[nodemon] starting `node --loader ts-node/esm/transpile-only src/server.ts`[39m
(node:1192) ExperimentalWarning: `--experimental-loader` may be removed in the future; instead use `register()`:
--import 'data:text/javascript,import { register } from "node:module"; import { pathToFileURL } from "node:url"; register("ts-node/esm/transpile-only", pathToFileURL("./"));'
(Use `node --trace-warnings ...` to show where the warning was created)
(node:1192) [DEP0180] DeprecationWarning: fs.Stats constructor is deprecated.
(Use `node --trace-deprecation ...` to show where the warning was created)
MongoDB connected: 127.0.0.1/ai_attendance
Demo accounts ready. Admin: admin@campus.ai, Faculty: faculty@campus.ai, Student: student@campus.ai
Uncaught exception: Error: listen EADDRINUSE: address already in use :::5000
    at Server.setupListenHandle [as _listen2] (node:net:1940:16)
    at listenInCluster (node:net:1997:12)
    at Server.listen (node:net:2102:7)
    at app.listen (D:\Ai attendance system\backend\node_modules\express\lib\application.js:635:24)
    at file:///D:/Ai%20attendance%20system/backend/src/server.ts:29:18
    at process.processTicksAndRejections (node:internal/process/task_queues:103:5) {
  code: 'EADDRINUSE',
  errno: -4091,
  syscall: 'listen',
  address: '::',
  port: 5000
}
[31m[nodemon] app crashed - waiting for file changes before starting...[39m
