
> ai-attendance-backend@1.0.0 dev
> nodemon --watch src --ext ts,json --exec node --loader ts-node/esm/transpile-only src/server.ts

[33m[nodemon] 3.1.14[39m
[33m[nodemon] to restart at any time, enter `rs`[39m
[33m[nodemon] watching path(s): src\**\*[39m
[33m[nodemon] watching extensions: ts,json[39m
[32m[nodemon] starting `node --loader ts-node/esm/transpile-only src/server.ts`[39m
(node:2860) ExperimentalWarning: `--experimental-loader` may be removed in the future; instead use `register()`:
--import 'data:text/javascript,import { register } from "node:module"; import { pathToFileURL } from "node:url"; register("ts-node/esm/transpile-only", pathToFileURL("./"));'
(Use `node --trace-warnings ...` to show where the warning was created)
(node:2860) [DEP0180] DeprecationWarning: fs.Stats constructor is deprecated.
(Use `node --trace-deprecation ...` to show where the warning was created)
MongoDB connected: 127.0.0.1/ai_attendance
Demo accounts ready. Admin: admin@campus.ai, Faculty: faculty@campus.ai, Student: student@campus.ai
API running on http://localhost:5000
[0mGET /api/health [32m200[0m 49.780 ms - 15[0m
[31m[nodemon] app crashed - waiting for file changes before starting...[39m
[32m[nodemon] restarting due to changes...[39m
[32m[nodemon] starting `node --loader ts-node/esm/transpile-only src/server.ts`[39m
[32m[nodemon] restarting due to changes...[39m
[32m[nodemon] starting `node --loader ts-node/esm/transpile-only src/server.ts`[39m
(node:5136) ExperimentalWarning: `--experimental-loader` may be removed in the future; instead use `register()`:
--import 'data:text/javascript,import { register } from "node:module"; import { pathToFileURL } from "node:url"; register("ts-node/esm/transpile-only", pathToFileURL("./"));'
(Use `node --trace-warnings ...` to show where the warning was created)
(node:5136) [DEP0180] DeprecationWarning: fs.Stats constructor is deprecated.
(Use `node --trace-deprecation ...` to show where the warning was created)
MongoDB connected: 127.0.0.1/ai_attendance
Demo accounts ready. Admin: admin@campus.ai, Faculty: faculty@campus.ai, Student: student@campus.ai
API running on http://localhost:5000
[31m[nodemon] app crashed - waiting for file changes before starting...[39m
[32m[nodemon] restarting due to changes...[39m
[32m[nodemon] starting `node --loader ts-node/esm/transpile-only src/server.ts`[39m
[32m[nodemon] restarting due to changes...[39m
[32m[nodemon] restarting due to changes...[39m
[32m[nodemon] restarting due to changes...[39m
[32m[nodemon] starting `node --loader ts-node/esm/transpile-only src/server.ts`[39m
(node:10016) ExperimentalWarning: `--experimental-loader` may be removed in the future; instead use `register()`:
--import 'data:text/javascript,import { register } from "node:module"; import { pathToFileURL } from "node:url"; register("ts-node/esm/transpile-only", pathToFileURL("./"));'
(Use `node --trace-warnings ...` to show where the warning was created)
(node:10016) [DEP0180] DeprecationWarning: fs.Stats constructor is deprecated.
(Use `node --trace-deprecation ...` to show where the warning was created)
MongoDB connected: 127.0.0.1/ai_attendance
Demo accounts ready. Admin: admin@campus.ai, Faculty: faculty@campus.ai, Student: student@campus.ai
Uncaught exception: Error: listen EADDRINUSE: address already in use :::5000
    at Server.setupListenHandle [as _listen2] (node:net:1940:16)
    at listenInCluster (node:net:1997:12)
    at Server.listen (node:net:2102:7)
    at app.listen (D:\Ai attendance system\backend\node_modules\express\lib\application.js:635:24)
    at file:///D:/Ai%20attendance%20system/backend/src/server.ts:29:18
    at process.processTicksAndRejections (node:internal/process/task_queues:103:5) {
  code: 'EADDRINUSE',
  errno: -4091,
  syscall: 'listen',
  address: '::',
  port: 5000
}
[31m[nodemon] app crashed - waiting for file changes before starting...[39m
[32m[nodemon] restarting due to changes...[39m
[32m[nodemon] starting `node --loader ts-node/esm/transpile-only src/server.ts`[39m
[32m[nodemon] restarting due to changes...[39m
[32m[nodemon] starting `node --loader ts-node/esm/transpile-only src/server.ts`[39m
(node:12448) ExperimentalWarning: `--experimental-loader` may be removed in the future; instead use `register()`:
--import 'data:text/javascript,import { register } from "node:module"; import { pathToFileURL } from "node:url"; register("ts-node/esm/transpile-only", pathToFileURL("./"));'
(Use `node --trace-warnings ...` to show where the warning was created)
(node:12448) [DEP0180] DeprecationWarning: fs.Stats constructor is deprecated.
(Use `node --trace-deprecation ...` to show where the warning was created)
MongoDB connected: 127.0.0.1/ai_attendance
Demo accounts ready. Admin: admin@campus.ai, Faculty: faculty@campus.ai, Student: student@campus.ai
Uncaught exception: Error: listen EADDRINUSE: address already in use :::5000
    at Server.setupListenHandle [as _listen2] (node:net:1940:16)
    at listenInCluster (node:net:1997:12)
    at Server.listen (node:net:2102:7)
    at app.listen (D:\Ai attendance system\backend\node_modules\express\lib\application.js:635:24)
    at file:///D:/Ai%20attendance%20system/backend/src/server.ts:29:18
    at process.processTicksAndRejections (node:internal/process/task_queues:103:5) {
  code: 'EADDRINUSE',
  errno: -4091,
  syscall: 'listen',
  address: '::',
  port: 5000
}
[31m[nodemon] app crashed - waiting for file changes before starting...[39m
[32m[nodemon] restarting due to changes...[39m
[32m[nodemon] starting `node --loader ts-node/esm/transpile-only src/server.ts`[39m
[32m[nodemon] restarting due to changes...[39m
[32m[nodemon] starting `node --loader ts-node/esm/transpile-only src/server.ts`[39m
(node:17448) ExperimentalWarning: `--experimental-loader` may be removed in the future; instead use `register()`:
--import 'data:text/javascript,import { register } from "node:module"; import { pathToFileURL } from "node:url"; register("ts-node/esm/transpile-only", pathToFileURL("./"));'
(Use `node --trace-warnings ...` to show where the warning was created)
[32m[nodemon] restarting due to changes...[39m
[32m[nodemon] restarting due to changes...[39m
[32m[nodemon] starting `node --loader ts-node/esm/transpile-only src/server.ts`[39m
(node:16908) ExperimentalWarning: `--experimental-loader` may be removed in the future; instead use `register()`:
--import 'data:text/javascript,import { register } from "node:module"; import { pathToFileURL } from "node:url"; register("ts-node/esm/transpile-only", pathToFileURL("./"));'
(Use `node --trace-warnings ...` to show where the warning was created)
(node:16908) [DEP0180] DeprecationWarning: fs.Stats constructor is deprecated.
(Use `node --trace-deprecation ...` to show where the warning was created)
MongoDB connected: 127.0.0.1/ai_attendance
Demo accounts ready. Admin: admin@campus.ai, Faculty: faculty@campus.ai, Student: student@campus.ai
Uncaught exception: Error: listen EADDRINUSE: address already in use :::5000
    at Server.setupListenHandle [as _listen2] (node:net:1940:16)
    at listenInCluster (node:net:1997:12)
    at Server.listen (node:net:2102:7)
    at app.listen (D:\Ai attendance system\backend\node_modules\express\lib\application.js:635:24)
    at file:///D:/Ai%20attendance%20system/backend/src/server.ts:29:18
    at process.processTicksAndRejections (node:internal/process/task_queues:103:5) {
  code: 'EADDRINUSE',
  errno: -4091,
  syscall: 'listen',
  address: '::',
  port: 5000
}
[31m[nodemon] app crashed - waiting for file changes before starting...[39m
[32m[nodemon] restarting due to changes...[39m
[32m[nodemon] starting `node --loader ts-node/esm/transpile-only src/server.ts`[39m
[32m[nodemon] restarting due to changes...[39m
[32m[nodemon] starting `node --loader ts-node/esm/transpile-only src/server.ts`[39m
(node:10716) ExperimentalWarning: `--experimental-loader` may be removed in the future; instead use `register()`:
--import 'data:text/javascript,import { register } from "node:module"; import { pathToFileURL } from "node:url"; register("ts-node/esm/transpile-only", pathToFileURL("./"));'
(Use `node --trace-warnings ...` to show where the warning was created)
(node:10716) [DEP0180] DeprecationWarning: fs.Stats constructor is deprecated.
(Use `node --trace-deprecation ...` to show where the warning was created)
MongoDB connected: 127.0.0.1/ai_attendance
Demo accounts ready. Admin: admin@campus.ai, Faculty: faculty@campus.ai, Student: student@campus.ai
Uncaught exception: Error: listen EADDRINUSE: address already in use :::5000
    at Server.setupListenHandle [as _listen2] (node:net:1940:16)
    at listenInCluster (node:net:1997:12)
    at Server.listen (node:net:2102:7)
    at app.listen (D:\Ai attendance system\backend\node_modules\express\lib\application.js:635:24)
    at file:///D:/Ai%20attendance%20system/backend/src/server.ts:29:18
    at process.processTicksAndRejections (node:internal/process/task_queues:103:5) {
  code: 'EADDRINUSE',
  errno: -4091,
  syscall: 'listen',
  address: '::',
  port: 5000
}
[31m[nodemon] app crashed - waiting for file changes before starting...[39m
[32m[nodemon] restarting due to changes...[39m
[32m[nodemon] starting `node --loader ts-node/esm/transpile-only src/server.ts`[39m
[32m[nodemon] restarting due to changes...[39m
[32m[nodemon] starting `node --loader ts-node/esm/transpile-only src/server.ts`[39m
(node:9972) ExperimentalWarning: `--experimental-loader` may be removed in the future; instead use `register()`:
--import 'data:text/javascript,import { register } from "node:module"; import { pathToFileURL } from "node:url"; register("ts-node/esm/transpile-only", pathToFileURL("./"));'
(Use `node --trace-warnings ...` to show where the warning was created)
(node:9972) [DEP0180] DeprecationWarning: fs.Stats constructor is deprecated.
(Use `node --trace-deprecation ...` to show where the warning was created)
MongoDB connected: 127.0.0.1/ai_attendance
Demo accounts ready. Admin: admin@campus.ai, Faculty: faculty@campus.ai, Student: student@campus.ai
Uncaught exception: Error: listen EADDRINUSE: address already in use :::5000
    at Server.setupListenHandle [as _listen2] (node:net:1940:16)
    at listenInCluster (node:net:1997:12)
    at Server.listen (node:net:2102:7)
    at app.listen (D:\Ai attendance system\backend\node_modules\express\lib\application.js:635:24)
    at file:///D:/Ai%20attendance%20system/backend/src/server.ts:29:18
    at process.processTicksAndRejections (node:internal/process/task_queues:103:5) {
  code: 'EADDRINUSE',
  errno: -4091,
  syscall: 'listen',
  address: '::',
  port: 5000
}
[31m[nodemon] app crashed - waiting for file changes before starting...[39m
[32m[nodemon] restarting due to changes...[39m
[32m[nodemon] starting `node --loader ts-node/esm/transpile-only src/server.ts`[39m
(node:19936) ExperimentalWarning: `--experimental-loader` may be removed in the future; instead use `register()`:
--import 'data:text/javascript,import { register } from "node:module"; import { pathToFileURL } from "node:url"; register("ts-node/esm/transpile-only", pathToFileURL("./"));'
(Use `node --trace-warnings ...` to show where the warning was created)
[32m[nodemon] restarting due to changes...[39m
[32m[nodemon] starting `node --loader ts-node/esm/transpile-only src/server.ts`[39m
(node:18084) ExperimentalWarning: `--experimental-loader` may be removed in the future; instead use `register()`:
--import 'data:text/javascript,import { register } from "node:module"; import { pathToFileURL } from "node:url"; register("ts-node/esm/transpile-only", pathToFileURL("./"));'
(Use `node --trace-warnings ...` to show where the warning was created)
[32m[nodemon] restarting due to changes...[39m
[32m[nodemon] restarting due to changes...[39m
[32m[nodemon] starting `node --loader ts-node/esm/transpile-only src/server.ts`[39m
(node:19940) ExperimentalWarning: `--experimental-loader` may be removed in the future; instead use `register()`:
--import 'data:text/javascript,import { register } from "node:module"; import { pathToFileURL } from "node:url"; register("ts-node/esm/transpile-only", pathToFileURL("./"));'
(Use `node --trace-warnings ...` to show where the warning was created)
(node:19940) [DEP0180] DeprecationWarning: fs.Stats constructor is deprecated.
(Use `node --trace-deprecation ...` to show where the warning was created)
MongoDB connected: 127.0.0.1/ai_attendance
Demo accounts ready. Admin: admin@campus.ai, Faculty: faculty@campus.ai, Student: student@campus.ai
Uncaught exception: Error: listen EADDRINUSE: address already in use :::5000
    at Server.setupListenHandle [as _listen2] (node:net:1940:16)
    at listenInCluster (node:net:1997:12)
    at Server.listen (node:net:2102:7)
    at app.listen (D:\Ai attendance system\backend\node_modules\express\lib\application.js:635:24)
    at file:///D:/Ai%20attendance%20system/backend/src/server.ts:29:18
    at process.processTicksAndRejections (node:internal/process/task_queues:103:5) {
  code: 'EADDRINUSE',
  errno: -4091,
  syscall: 'listen',
  address: '::',
  port: 5000
}
[31m[nodemon] app crashed - waiting for file changes before starting...[39m
[32m[nodemon] restarting due to changes...[39m
[32m[nodemon] starting `node --loader ts-node/esm/transpile-only src/server.ts`[39m
[32m[nodemon] restarting due to changes...[39m
[32m[nodemon] starting `node --loader ts-node/esm/transpile-only src/server.ts`[39m
(node:18868) ExperimentalWarning: `--experimental-loader` may be removed in the future; instead use `register()`:
--import 'data:text/javascript,import { register } from "node:module"; import { pathToFileURL } from "node:url"; register("ts-node/esm/transpile-only", pathToFileURL("./"));'
(Use `node --trace-warnings ...` to show where the warning was created)
(node:18868) [DEP0180] DeprecationWarning: fs.Stats constructor is deprecated.
(Use `node --trace-deprecation ...` to show where the warning was created)
MongoDB connected: 127.0.0.1/ai_attendance
Demo accounts ready. Admin: admin@campus.ai, Faculty: faculty@campus.ai, Student: student@campus.ai
Uncaught exception: Error: listen EADDRINUSE: address already in use :::5000
    at Server.setupListenHandle [as _listen2] (node:net:1940:16)
    at listenInCluster (node:net:1997:12)
    at Server.listen (node:net:2102:7)
    at app.listen (D:\Ai attendance system\backend\node_modules\express\lib\application.js:635:24)
    at file:///D:/Ai%20attendance%20system/backend/src/server.ts:29:18
    at process.processTicksAndRejections (node:internal/process/task_queues:103:5) {
  code: 'EADDRINUSE',
  errno: -4091,
  syscall: 'listen',
  address: '::',
  port: 5000
}
[31m[nodemon] app crashed - waiting for file changes before starting...[39m
[32m[nodemon] restarting due to changes...[39m
[32m[nodemon] starting `node --loader ts-node/esm/transpile-only src/server.ts`[39m
[32m[nodemon] restarting due to changes...[39m
[32m[nodemon] starting `node --loader ts-node/esm/transpile-only src/server.ts`[39m
(node:3028) ExperimentalWarning: `--experimental-loader` may be removed in the future; instead use `register()`:
--import 'data:text/javascript,import { register } from "node:module"; import { pathToFileURL } from "node:url"; register("ts-node/esm/transpile-only", pathToFileURL("./"));'
(Use `node --trace-warnings ...` to show where the warning was created)
[32m[nodemon] restarting due to changes...[39m
[32m[nodemon] restarting due to changes...[39m
[32m[nodemon] starting `node --loader ts-node/esm/transpile-only src/server.ts`[39m
(node:13572) ExperimentalWarning: `--experimental-loader` may be removed in the future; instead use `register()`:
--import 'data:text/javascript,import { register } from "node:module"; import { pathToFileURL } from "node:url"; register("ts-node/esm/transpile-only", pathToFileURL("./"));'
(Use `node --trace-warnings ...` to show where the warning was created)
(node:13572) [DEP0180] DeprecationWarning: fs.Stats constructor is deprecated.
(Use `node --trace-deprecation ...` to show where the warning was created)
MongoDB connected: 127.0.0.1/ai_attendance
Demo accounts ready. Admin: admin@campus.ai, Faculty: faculty@campus.ai, Student: student@campus.ai
Uncaught exception: Error: listen EADDRINUSE: address already in use :::5000
    at Server.setupListenHandle [as _listen2] (node:net:1940:16)
    at listenInCluster (node:net:1997:12)
    at Server.listen (node:net:2102:7)
    at app.listen (D:\Ai attendance system\backend\node_modules\express\lib\application.js:635:24)
    at file:///D:/Ai%20attendance%20system/backend/src/server.ts:29:18
    at process.processTicksAndRejections (node:internal/process/task_queues:103:5) {
  code: 'EADDRINUSE',
  errno: -4091,
  syscall: 'listen',
  address: '::',
  port: 5000
}
[31m[nodemon] app crashed - waiting for file changes before starting...[39m
