
> ai-attendance-backend@1.0.0 dev
> nodemon --watch src --ext ts,json --exec node --loader ts-node/esm/transpile-only src/server.ts

[33m[nodemon] 3.1.14[39m
[33m[nodemon] to restart at any time, enter `rs`[39m
[33m[nodemon] watching path(s): src\**\*[39m
[33m[nodemon] watching extensions: ts,json[39m
[32m[nodemon] starting `node --loader ts-node/esm/transpile-only src/server.ts`[39m
(node:2312) ExperimentalWarning: `--experimental-loader` may be removed in the future; instead use `register()`:
--import 'data:text/javascript,import { register } from "node:module"; import { pathToFileURL } from "node:url"; register("ts-node/esm/transpile-only", pathToFileURL("./"));'
(Use `node --trace-warnings ...` to show where the warning was created)
(node:2312) [DEP0180] DeprecationWarning: fs.Stats constructor is deprecated.
(Use `node --trace-deprecation ...` to show where the warning was created)
MongoDB connected: 127.0.0.1/ai_attendance
Demo accounts ready. Admin: admin@campus.ai, Faculty: faculty@campus.ai, Student: student@campus.ai
API running on http://localhost:5000
[0mGET /api/health [32m200[0m 54.549 ms - 15[0m
[0mPOST /api/auth/login [32m200[0m 1002.698 ms - 520[0m
[FaceEnrollment] Saving embeddings {
  userId: '6a1bf33d85b092b121c83735',
  count: 5,
  dimensions: [ 144, 144, 144, 144, 144 ],
  images: 5
}
[0mPOST /api/face/enrollment [32m200[0m 196.107 ms - 76[0m
[0mGET /api/face/enrollment [32m200[0m 9.850 ms - 42[0m
[FaceRecognition] Match result {
  studentId: '6a1bf33d85b092b121c83735',
  studentName: 'Riya Sharma',
  score: 1,
  threshold: 0.62,
  matched: true,
  probeDimensions: 144,
  enrolledSamples: 5
}
[0mPOST /api/face/match [32m200[0m 17.880 ms - 108[0m
[0mGET /api/classes [32m200[0m 59.636 ms - 7370[0m
[0mGET /api/subjects [32m200[0m 10.902 ms - 2130[0m
[0mPOST /api/attendance/mark [32m201[0m 546.789 ms - 868[0m
[0mGET /api/health [36m304[0m 62.862 ms - -[0m
[0mGET /api/health [36m304[0m 5.678 ms - -[0m
[0mGET /api/auth/me [36m304[0m 379.253 ms - -[0m
[0mGET /api/auth/me [36m304[0m 36.374 ms - -[0m
[0mGET /api/subjects [32m200[0m 137.417 ms - 2130[0m
[0mGET /api/classes [32m200[0m 208.028 ms - 7370[0m
[0mGET /api/attendance [32m200[0m 284.938 ms - 1357[0m
[0mGET /api/subjects [36m304[0m 119.670 ms - -[0m
[0mGET /api/classes [36m304[0m 53.432 ms - -[0m
[0mGET /api/attendance [36m304[0m 68.918 ms - -[0m
[0mGET /api/face/enrollment [32m200[0m 47.670 ms - 43[0m
[0mGET /api/face/enrollment [36m304[0m 5.491 ms - -[0m
[0mGET /api/subjects [36m304[0m 231.024 ms - -[0m
[0mGET /api/attendance [36m304[0m 405.389 ms - -[0m
[0mGET /api/classes [36m304[0m 495.747 ms - -[0m
[0mGET /api/subjects [36m304[0m 383.198 ms - -[0m
[0mGET /api/attendance [36m304[0m 389.837 ms - -[0m
[0mGET /api/classes [36m304[0m 304.537 ms - -[0m
[0mPOST /api/face/match [33m400[0m 75.430 ms - 55[0m
[0mPOST /api/attendance/mark [32m200[0m 62.222 ms - 885[0m
[0mGET /api/attendance [36m304[0m 69.494 ms - -[0m
[0mPOST /api/face/match [33m400[0m 19.029 ms - 55[0m
[0mGET /api/subjects [36m304[0m 153.699 ms - -[0m
[0mGET /api/classes [36m304[0m 472.157 ms - -[0m
[0mGET /api/attendance [36m304[0m 261.979 ms - -[0m
[0mGET /api/health [36m304[0m 34.286 ms - -[0m
[0mGET /api/health [36m304[0m 3.563 ms - -[0m
[0mGET /api/auth/me [36m304[0m 630.279 ms - -[0m
[0mGET /api/auth/me [36m304[0m 24.511 ms - -[0m
[0mGET /api/subjects [36m304[0m 157.132 ms - -[0m
[0mGET /api/attendance [36m304[0m 176.473 ms - -[0m
[0mGET /api/classes [36m304[0m 196.563 ms - -[0m
[0mGET /api/subjects [36m304[0m 86.614 ms - -[0m
[0mGET /api/attendance [36m304[0m 217.746 ms - -[0m
[0mGET /api/classes [36m304[0m 244.397 ms - -[0m
[0mGET /api/face/enrollment [36m304[0m 140.964 ms - -[0m
[0mGET /api/face/enrollment [36m304[0m 8.291 ms - -[0m
[0mPOST /api/face/match [33m400[0m 115.197 ms - 55[0m
[31m[nodemon] app crashed - waiting for file changes before starting...[39m
[32m[nodemon] restarting due to changes...[39m
[32m[nodemon] starting `node --loader ts-node/esm/transpile-only src/server.ts`[39m
[32m[nodemon] restarting due to changes...[39m
[32m[nodemon] starting `node --loader ts-node/esm/transpile-only src/server.ts`[39m
(node:13648) ExperimentalWarning: `--experimental-loader` may be removed in the future; instead use `register()`:
--import 'data:text/javascript,import { register } from "node:module"; import { pathToFileURL } from "node:url"; register("ts-node/esm/transpile-only", pathToFileURL("./"));'
(Use `node --trace-warnings ...` to show where the warning was created)
(node:13648) [DEP0180] DeprecationWarning: fs.Stats constructor is deprecated.
(Use `node --trace-deprecation ...` to show where the warning was created)
MongoDB connected: 127.0.0.1/ai_attendance
Demo accounts ready. Admin: admin@campus.ai, Faculty: faculty@campus.ai, Student: student@campus.ai
Uncaught exception: Error: listen EADDRINUSE: address already in use :::5000
    at Server.setupListenHandle [as _listen2] (node:net:1940:16)
    at listenInCluster (node:net:1997:12)
    at Server.listen (node:net:2102:7)
    at app.listen (D:\Ai attendance system\backend\node_modules\express\lib\application.js:635:24)
    at file:///D:/Ai%20attendance%20system/backend/src/server.ts:29:18
    at process.processTicksAndRejections (node:internal/process/task_queues:103:5) {
  code: 'EADDRINUSE',
  errno: -4091,
  syscall: 'listen',
  address: '::',
  port: 5000
}
[31m[nodemon] app crashed - waiting for file changes before starting...[39m
[32m[nodemon] restarting due to changes...[39m
[32m[nodemon] starting `node --loader ts-node/esm/transpile-only src/server.ts`[39m
[32m[nodemon] restarting due to changes...[39m
[32m[nodemon] starting `node --loader ts-node/esm/transpile-only src/server.ts`[39m
(node:6024) ExperimentalWarning: `--experimental-loader` may be removed in the future; instead use `register()`:
--import 'data:text/javascript,import { register } from "node:module"; import { pathToFileURL } from "node:url"; register("ts-node/esm/transpile-only", pathToFileURL("./"));'
(Use `node --trace-warnings ...` to show where the warning was created)
[32m[nodemon] restarting due to changes...[39m
[32m[nodemon] restarting due to changes...[39m
[32m[nodemon] restarting due to changes...[39m
[32m[nodemon] starting `node --loader ts-node/esm/transpile-only src/server.ts`[39m
(node:18200) ExperimentalWarning: `--experimental-loader` may be removed in the future; instead use `register()`:
--import 'data:text/javascript,import { register } from "node:module"; import { pathToFileURL } from "node:url"; register("ts-node/esm/transpile-only", pathToFileURL("./"));'
(Use `node --trace-warnings ...` to show where the warning was created)
(node:18200) [DEP0180] DeprecationWarning: fs.Stats constructor is deprecated.
(Use `node --trace-deprecation ...` to show where the warning was created)
MongoDB connected: 127.0.0.1/ai_attendance
Demo accounts ready. Admin: admin@campus.ai, Faculty: faculty@campus.ai, Student: student@campus.ai
Uncaught exception: Error: listen EADDRINUSE: address already in use :::5000
    at Server.setupListenHandle [as _listen2] (node:net:1940:16)
    at listenInCluster (node:net:1997:12)
    at Server.listen (node:net:2102:7)
    at app.listen (D:\Ai attendance system\backend\node_modules\express\lib\application.js:635:24)
    at file:///D:/Ai%20attendance%20system/backend/src/server.ts:29:18
    at process.processTicksAndRejections (node:internal/process/task_queues:103:5) {
  code: 'EADDRINUSE',
  errno: -4091,
  syscall: 'listen',
  address: '::',
  port: 5000
}
[31m[nodemon] app crashed - waiting for file changes before starting...[39m
[32m[nodemon] restarting due to changes...[39m
[32m[nodemon] starting `node --loader ts-node/esm/transpile-only src/server.ts`[39m
[32m[nodemon] restarting due to changes...[39m
[32m[nodemon] starting `node --loader ts-node/esm/transpile-only src/server.ts`[39m
(node:8404) ExperimentalWarning: `--experimental-loader` may be removed in the future; instead use `register()`:
--import 'data:text/javascript,import { register } from "node:module"; import { pathToFileURL } from "node:url"; register("ts-node/esm/transpile-only", pathToFileURL("./"));'
(Use `node --trace-warnings ...` to show where the warning was created)
(node:8404) [DEP0180] DeprecationWarning: fs.Stats constructor is deprecated.
(Use `node --trace-deprecation ...` to show where the warning was created)
MongoDB connected: 127.0.0.1/ai_attendance
Demo accounts ready. Admin: admin@campus.ai, Faculty: faculty@campus.ai, Student: student@campus.ai
Uncaught exception: Error: listen EADDRINUSE: address already in use :::5000
    at Server.setupListenHandle [as _listen2] (node:net:1940:16)
    at listenInCluster (node:net:1997:12)
    at Server.listen (node:net:2102:7)
    at app.listen (D:\Ai attendance system\backend\node_modules\express\lib\application.js:635:24)
    at file:///D:/Ai%20attendance%20system/backend/src/server.ts:29:18
    at process.processTicksAndRejections (node:internal/process/task_queues:103:5) {
  code: 'EADDRINUSE',
  errno: -4091,
  syscall: 'listen',
  address: '::',
  port: 5000
}
[31m[nodemon] app crashed - waiting for file changes before starting...[39m
[32m[nodemon] restarting due to changes...[39m
[32m[nodemon] starting `node --loader ts-node/esm/transpile-only src/server.ts`[39m
[32m[nodemon] restarting due to changes...[39m
[32m[nodemon] starting `node --loader ts-node/esm/transpile-only src/server.ts`[39m
(node:19120) ExperimentalWarning: `--experimental-loader` may be removed in the future; instead use `register()`:
--import 'data:text/javascript,import { register } from "node:module"; import { pathToFileURL } from "node:url"; register("ts-node/esm/transpile-only", pathToFileURL("./"));'
(Use `node --trace-warnings ...` to show where the warning was created)
(node:19120) [DEP0180] DeprecationWarning: fs.Stats constructor is deprecated.
(Use `node --trace-deprecation ...` to show where the warning was created)
MongoDB connected: 127.0.0.1/ai_attendance
Demo accounts ready. Admin: admin@campus.ai, Faculty: faculty@campus.ai, Student: student@campus.ai
Uncaught exception: Error: listen EADDRINUSE: address already in use :::5000
    at Server.setupListenHandle [as _listen2] (node:net:1940:16)
    at listenInCluster (node:net:1997:12)
    at Server.listen (node:net:2102:7)
    at app.listen (D:\Ai attendance system\backend\node_modules\express\lib\application.js:635:24)
    at file:///D:/Ai%20attendance%20system/backend/src/server.ts:29:18
    at process.processTicksAndRejections (node:internal/process/task_queues:103:5) {
  code: 'EADDRINUSE',
  errno: -4091,
  syscall: 'listen',
  address: '::',
  port: 5000
}
[31m[nodemon] app crashed - waiting for file changes before starting...[39m
[32m[nodemon] restarting due to changes...[39m
[32m[nodemon] starting `node --loader ts-node/esm/transpile-only src/server.ts`[39m
(node:1628) ExperimentalWarning: `--experimental-loader` may be removed in the future; instead use `register()`:
--import 'data:text/javascript,import { register } from "node:module"; import { pathToFileURL } from "node:url"; register("ts-node/esm/transpile-only", pathToFileURL("./"));'
(Use `node --trace-warnings ...` to show where the warning was created)
[32m[nodemon] restarting due to changes...[39m
[32m[nodemon] restarting due to changes...[39m
[32m[nodemon] starting `node --loader ts-node/esm/transpile-only src/server.ts`[39m
(node:6372) ExperimentalWarning: `--experimental-loader` may be removed in the future; instead use `register()`:
--import 'data:text/javascript,import { register } from "node:module"; import { pathToFileURL } from "node:url"; register("ts-node/esm/transpile-only", pathToFileURL("./"));'
(Use `node --trace-warnings ...` to show where the warning was created)
[32m[nodemon] restarting due to changes...[39m
[32m[nodemon] restarting due to changes...[39m
[32m[nodemon] starting `node --loader ts-node/esm/transpile-only src/server.ts`[39m
(node:20096) ExperimentalWarning: `--experimental-loader` may be removed in the future; instead use `register()`:
--import 'data:text/javascript,import { register } from "node:module"; import { pathToFileURL } from "node:url"; register("ts-node/esm/transpile-only", pathToFileURL("./"));'
(Use `node --trace-warnings ...` to show where the warning was created)
(node:20096) [DEP0180] DeprecationWarning: fs.Stats constructor is deprecated.
(Use `node --trace-deprecation ...` to show where the warning was created)
MongoDB connected: 127.0.0.1/ai_attendance
Demo accounts ready. Admin: admin@campus.ai, Faculty: faculty@campus.ai, Student: student@campus.ai
Uncaught exception: Error: listen EADDRINUSE: address already in use :::5000
    at Server.setupListenHandle [as _listen2] (node:net:1940:16)
    at listenInCluster (node:net:1997:12)
    at Server.listen (node:net:2102:7)
    at app.listen (D:\Ai attendance system\backend\node_modules\express\lib\application.js:635:24)
    at file:///D:/Ai%20attendance%20system/backend/src/server.ts:29:18
    at process.processTicksAndRejections (node:internal/process/task_queues:103:5) {
  code: 'EADDRINUSE',
  errno: -4091,
  syscall: 'listen',
  address: '::',
  port: 5000
}
[31m[nodemon] app crashed - waiting for file changes before starting...[39m
[32m[nodemon] restarting due to changes...[39m
[32m[nodemon] starting `node --loader ts-node/esm/transpile-only src/server.ts`[39m
[32m[nodemon] restarting due to changes...[39m
[32m[nodemon] starting `node --loader ts-node/esm/transpile-only src/server.ts`[39m
(node:12396) ExperimentalWarning: `--experimental-loader` may be removed in the future; instead use `register()`:
--import 'data:text/javascript,import { register } from "node:module"; import { pathToFileURL } from "node:url"; register("ts-node/esm/transpile-only", pathToFileURL("./"));'
(Use `node --trace-warnings ...` to show where the warning was created)
(node:12396) [DEP0180] DeprecationWarning: fs.Stats constructor is deprecated.
(Use `node --trace-deprecation ...` to show where the warning was created)
MongoDB connected: 127.0.0.1/ai_attendance
Demo accounts ready. Admin: admin@campus.ai, Faculty: faculty@campus.ai, Student: student@campus.ai
Uncaught exception: Error: listen EADDRINUSE: address already in use :::5000
    at Server.setupListenHandle [as _listen2] (node:net:1940:16)
    at listenInCluster (node:net:1997:12)
    at Server.listen (node:net:2102:7)
    at app.listen (D:\Ai attendance system\backend\node_modules\express\lib\application.js:635:24)
    at file:///D:/Ai%20attendance%20system/backend/src/server.ts:29:18
    at process.processTicksAndRejections (node:internal/process/task_queues:103:5) {
  code: 'EADDRINUSE',
  errno: -4091,
  syscall: 'listen',
  address: '::',
  port: 5000
}
[31m[nodemon] app crashed - waiting for file changes before starting...[39m
[32m[nodemon] restarting due to changes...[39m
[32m[nodemon] starting `node --loader ts-node/esm/transpile-only src/server.ts`[39m
[32m[nodemon] restarting due to changes...[39m
[32m[nodemon] starting `node --loader ts-node/esm/transpile-only src/server.ts`[39m
(node:14744) ExperimentalWarning: `--experimental-loader` may be removed in the future; instead use `register()`:
--import 'data:text/javascript,import { register } from "node:module"; import { pathToFileURL } from "node:url"; register("ts-node/esm/transpile-only", pathToFileURL("./"));'
(Use `node --trace-warnings ...` to show where the warning was created)
[32m[nodemon] restarting due to changes...[39m
[32m[nodemon] restarting due to changes...[39m
[32m[nodemon] starting `node --loader ts-node/esm/transpile-only src/server.ts`[39m
(node:2756) ExperimentalWarning: `--experimental-loader` may be removed in the future; instead use `register()`:
--import 'data:text/javascript,import { register } from "node:module"; import { pathToFileURL } from "node:url"; register("ts-node/esm/transpile-only", pathToFileURL("./"));'
(Use `node --trace-warnings ...` to show where the warning was created)
(node:2756) [DEP0180] DeprecationWarning: fs.Stats constructor is deprecated.
(Use `node --trace-deprecation ...` to show where the warning was created)
MongoDB connected: 127.0.0.1/ai_attendance
Demo accounts ready. Admin: admin@campus.ai, Faculty: faculty@campus.ai, Student: student@campus.ai
Uncaught exception: Error: listen EADDRINUSE: address already in use :::5000
    at Server.setupListenHandle [as _listen2] (node:net:1940:16)
    at listenInCluster (node:net:1997:12)
    at Server.listen (node:net:2102:7)
    at app.listen (D:\Ai attendance system\backend\node_modules\express\lib\application.js:635:24)
    at file:///D:/Ai%20attendance%20system/backend/src/server.ts:29:18
    at process.processTicksAndRejections (node:internal/process/task_queues:103:5) {
  code: 'EADDRINUSE',
  errno: -4091,
  syscall: 'listen',
  address: '::',
  port: 5000
}
[31m[nodemon] app crashed - waiting for file changes before starting...[39m
